// Jest Snapshot v1, https://goo.gl/fbAQLP

exports[`has correct structure 1`] = `
<DocumentFragment>
  <div
    class="chakra-table__container css-zipzvv"
  >
    <table
      class="chakra-table css-0"
    >
      <caption
        class="css-18i7bby"
      >
        Price for #parcels in kg
      </caption>
      <thead
        class="css-0"
      >
        <tr
          class="css-0"
        >
          <th
            class="css-0"
          >
            kg
          </th>
          <th
            class="css-0"
          >
            #1
          </th>
          <th
            class="css-0"
          >
            #2
          </th>
          <th
            class="css-0"
          >
            #3
          </th>
          <th
            class="css-0"
          >
            #4
          </th>
          <th
            class="css-0"
          >
            #5
          </th>
        </tr>
      </thead>
      <tbody
        class="css-0"
      >
        <tr
          class="css-0"
        >
          <td
            class="css-0"
          >
            1
          </td>
          <td
            class="css-0"
          >
            60,-
          </td>
          <td
            class="css-0"
          >
            110,-
          </td>
          <td
            class="css-0"
          >
            160,-
          </td>
          <td
            class="css-0"
          >
            210,-
          </td>
          <td
            class="css-0"
          >
            260,-
          </td>
        </tr>
        <tr
          class="css-0"
        >
          <td
            class="css-0"
          >
            2
          </td>
          <td
            class="css-0"
          >
            65,-
          </td>
          <td
            class="css-0"
          >
            120,-
          </td>
          <td
            class="css-0"
          >
            175,-
          </td>
          <td
            class="css-0"
          >
            230,-
          </td>
          <td
            class="css-0"
          >
            285,-
          </td>
        </tr>
        <tr
          class="css-0"
        >
          <td
            class="css-0"
          >
            3
          </td>
          <td
            class="css-0"
          >
            70,-
          </td>
          <td
            class="css-0"
          >
            130,-
          </td>
          <td
            class="css-0"
          >
            190,-
          </td>
          <td
            class="css-0"
          >
            250,-
          </td>
          <td
            class="css-0"
          >
            310,-
          </td>
        </tr>
        <tr
          class="css-0"
        >
          <td
            class="css-0"
          >
            4
          </td>
          <td
            class="css-0"
          >
            75,-
          </td>
          <td
            class="css-0"
          >
            140,-
          </td>
          <td
            class="css-0"
          >
            205,-
          </td>
          <td
            class="css-0"
          >
            270,-
          </td>
          <td
            class="css-0"
          >
            335,-
          </td>
        </tr>
        <tr
          class="css-0"
        >
          <td
            class="css-0"
          >
            5
          </td>
          <td
            class="css-0"
          >
            80,-
          </td>
          <td
            class="css-0"
          >
            150,-
          </td>
          <td
            class="css-0"
          >
            220,-
          </td>
          <td
            class="css-0"
          >
            290,-
          </td>
          <td
            class="css-0"
          >
            360,-
          </td>
        </tr>
        <tr
          class="css-0"
        >
          <td
            class="css-0"
          >
            6
          </td>
          <td
            class="css-0"
          >
            85,-
          </td>
          <td
            class="css-0"
          >
            160,-
          </td>
          <td
            class="css-0"
          >
            235,-
          </td>
          <td
            class="css-0"
          >
            310,-
          </td>
          <td
            class="css-0"
          >
            385,-
          </td>
        </tr>
        <tr
          class="css-0"
        >
          <td
            class="css-0"
          >
            7
          </td>
          <td
            class="css-0"
          >
            90,-
          </td>
          <td
            class="css-0"
          >
            170,-
          </td>
          <td
            class="css-0"
          >
            250,-
          </td>
          <td
            class="css-0"
          >
            330,-
          </td>
          <td
            class="css-0"
          >
            410,-
          </td>
        </tr>
        <tr
          class="css-0"
        >
          <td
            class="css-0"
          >
            8
          </td>
          <td
            class="css-0"
          >
            95,-
          </td>
          <td
            class="css-0"
          >
            180,-
          </td>
          <td
            class="css-0"
          >
            265,-
          </td>
          <td
            class="css-0"
          >
            350,-
          </td>
          <td
            class="css-0"
          >
            435,-
          </td>
        </tr>
        <tr
          class="css-0"
        >
          <td
            class="css-0"
          >
            9
          </td>
          <td
            class="css-0"
          >
            100,-
          </td>
          <td
            class="css-0"
          >
            190,-
          </td>
          <td
            class="css-0"
          >
            280,-
          </td>
          <td
            class="css-0"
          >
            370,-
          </td>
          <td
            class="css-0"
          >
            460,-
          </td>
        </tr>
        <tr
          class="css-0"
        >
          <td
            class="css-0"
          >
            10
          </td>
          <td
            class="css-0"
          >
            105,-
          </td>
          <td
            class="css-0"
          >
            200,-
          </td>
          <td
            class="css-0"
          >
            295,-
          </td>
          <td
            class="css-0"
          >
            390,-
          </td>
          <td
            class="css-0"
          >
            485,-
          </td>
        </tr>
      </tbody>
      <tfoot
        class="css-0"
      >
        <tr
          class="css-0"
        >
          <th
            class="css-0"
          >
            #1
          </th>
          <th
            class="css-0"
          >
            #2
          </th>
          <th
            class="css-0"
          >
            #3
          </th>
          <th
            class="css-0"
          >
            #4
          </th>
          <th
            class="css-0"
          >
            #5
          </th>
        </tr>
      </tfoot>
    </table>
  </div>
</DocumentFragment>
`;
